[2025-12-06T12:00:09.378065] Acesso à página inicial - nome=aluno(a)
[2025-12-06T12:02:05.330458] Acesso à página inicial - nome=aluno(a)
[2025-12-06T12:02:17.637697] Acesso à página inicial - nome=aluno(a)
[2025-12-06T12:04:18.812633] Acesso à página inicial - nome=aluno(a)
[2025-12-06T12:07:51.520875] Acesso à página inicial - nome=aluno(a)
[2025-12-06T12:07:54.542568] Acesso à página inicial - nome=aluno(a)
[2025-12-06T12:08:00.807168] Acesso à página inicial - nome=aluno(a)
[2025-12-06T12:08:16.339097] Acesso à página inicial - nome=aluno(a)
[2025-12-06T12:08:28.002965] Acesso à página inicial - nome=aluno(a)
[2025-12-06T12:10:00.395821] Acesso à página inicial - nome=aluno(a)
[2025-12-06T12:10:29.899311] Acesso à página inicial - nome=aluno(a)
[2025-12-06T12:14:51.575003] Acesso à página inicial - nome=aluno(a)
[2025-12-06T12:17:46.484748] Acesso à página inicial - nome=aluno(a)
[2025-12-06T12:17:54.113392] Acesso à página inicial - nome=JOÃO PAULO
[2025-12-06T12:18:07.030157] Acesso à /saudacao - nome=JOÃO PAULO
[2025-12-06T12:20:36.363837] Acesso à página inicial - nome=JOÃO PAULO
[2025-12-06T12:20:51.928239] Acesso à página inicial - nome=JOÃO PAULO
[2025-12-06T12:20:56.408839] Acesso à /saudacao - nome=JOÃO PAULO
[2025-12-06T12:25:38.824501] Acesso à página inicial - nome=JOÃO PAULO
[2025-12-06T12:26:02.974316] Acesso à página inicial - nome=JOÃO PAULO
[2025-12-06T12:26:28.105579] Acesso à página inicial - nome=aluno(a)
[2025-12-06T12:26:39.346684] Acesso à página inicial - nome=aluno(a)
[2025-12-06T12:29:16.952197] Acesso à página inicial - nome=aluno(a)
[2025-12-06T12:29:28.352433] Acesso à página inicial - nome=JOÃO PAULO
[2025-12-06T12:30:20.976368] Acesso à página inicial - nome=JOÃO PAULO
[2025-12-06 12:31:54.336459] Acesso à página inicial - nome=JOÃO PAULO
[2025-12-06 12:33:56.205087] Acesso à página inicial - nome=Visitante
[2025-12-06 12:34:02.515703] Acesso à página inicial - nome=Visitante
[2025-12-06 12:34:08.228530] Acesso à API - nome=Visitante
[2025-12-06 12:35:01.876815] Acesso à página inicial - nome=Visitante
[2025-12-06 12:35:19.228769] Acesso à página inicial - nome=Visitante
[2025-12-06 12:37:30.790919] Acesso à página inicial - nome=Visitante
[2025-12-06 12:37:39.155983] Acesso à página inicial - nome=Visitante
[2025-12-06 12:39:03.336117] Acesso à página inicial - nome=Visitante
[2025-12-06 12:40:14.094379] Acesso à página inicial - nome=asdjasdjkaslkdjalksdjd
[2025-12-06 12:40:17.427600] Acesso à página inicial - nome=asdjasdjkaslkdjalksdjddasda
[2025-12-06 12:40:24.656292] Acesso à API - nome=asdjasdjkaslkdjalksdjddasda
[2025-12-06 12:41:18.508873] Acesso à página inicial - nome=Visitante
[2025-12-06 12:42:58.351211] Acesso à página inicial - nome=Visitante
[2025-12-06 12:43:58.167666] Acesso à API - nome=Visitante
[2025-12-06 12:49:02.344045] Acesso à página inicial - nome=Visitante
[2025-12-06 13:00:07.658414] Acesso à página inicial - nome=Visitante
[2025-12-06 13:00:26.977000] Acesso à página inicial - nome=Visitante
[2025-12-06 13:01:30.029189] Acesso à página inicial - nome=Visitante
[2025-12-06 13:02:01.738746] Acesso à página inicial - nome=kelly
[2025-12-06 13:02:57.353720] Acesso à página inicial - nome=kelly
[2025-12-06 13:03:18.651138] Acesso à API - nome=kelly
[2025-12-06 13:04:35.031814] Acesso à página inicial - nome=kelly
[2025-12-06 13:04:50.070462] Acesso à página inicial - nome=Melissa
[2025-12-06 13:07:22.282644] Acesso à página inicial - nome=jose da silva
[2025-12-06 13:08:47.189940] Acesso à página inicial - nome=jose da silva
[2025-12-06 13:08:52.039141] Acesso à página inicial - nome=
[2025-12-06 13:09:34.245461] Acesso à página inicial - nome=
[2025-12-06 13:10:27.268904] Acesso à página inicial - nome=
[2025-12-06 13:16:05.856492] Acesso à página inicial - nome=Visitante
[2025-12-06 13:16:48.368825] Acesso à página inicial - nome=Visitante
[2025-12-06 13:18:02.396827] Acesso à página inicial - nome=Visitante
[2025-12-06 13:18:29.949105] Acesso à página inicial - nome=Visitante
[2025-12-06 13:19:12.751938] Acesso à página inicial - nome=Visitante
[2025-12-06 13:20:13.009740] Acesso à página inicial - nome=Visitante
[2025-12-06 13:20:43.261855] Acesso à página inicial - nome=Visitante
[2025-12-06 13:21:01.415069] Acesso à página inicial - nome=Visitante
[2025-12-06 13:21:46.950771] Acesso à página inicial - nome=Visitante
[2025-12-06 13:22:02.581419] Acesso à página inicial - nome=Visitante
[2025-12-06 13:22:14.043060] Acesso à página inicial - nome=Visitante
[2025-12-06 13:24:54.743224] Acesso à página inicial - nome=Visitante
[2025-12-06 13:25:37.624878] Acesso à página inicial - nome=Visitante
[2025-12-06 13:26:18.435967] Acesso à página inicial - nome=Visitante
[2025-12-06 13:26:23.696154] Acesso à página inicial - nome=Visitante
[2025-12-06 13:26:33.137817] Acesso à página inicial - nome=Visitante
[2025-12-06 13:27:22.242878] Acesso à página inicial - nome=Visitante
[2025-12-06 13:27:45.079411] Acesso à página inicial - nome=Visitante
[2025-12-06 13:28:43.906836] Acesso à página inicial - nome=Visitante
[2025-12-06 13:29:15.939135] Acesso à página inicial - nome=Visitante
[2025-12-06 13:30:14.511384] Acesso à página inicial - nome=Visitante
[2025-12-06 13:30:46.228886] Acesso à página inicial - nome=Visitante
[2025-12-06 13:33:22.295718] Acesso à página inicial - nome=Visitante
[2025-12-06 13:34:43.521629] Acesso à página inicial - nome=Visitante
[2025-12-06 13:34:53.027487] Acesso à página inicial - nome=Visitante
[2025-12-06 13:40:13.655166] Acesso à página inicial - nome=Visitante
[2025-12-06 13:45:42.578928] Acesso à página inicial - nome=Visitante
[2025-12-06 13:46:08.294180] Acesso à página inicial - nome=Visitante
[2025-12-06 13:51:17.655135] Acesso à página inicial - nome=Visitante
[2025-12-06 13:51:36.302354] Acesso à página inicial - nome=Visitante
[2025-12-06 13:53:28.038571] Acesso à página inicial - nome=Visitante
[2025-12-06 13:57:22.847206] Acesso à página inicial - nome=Visitante
[2025-12-06 14:01:00.651206] Acesso à página inicial - nome=Visitante
[2025-12-06 14:01:02.461632] Acesso à página inicial - nome=Visitante
2025-12-06 17:15:08,816 - Acesso: pagina_inicial - nome=Visitante
2025-12-06 17:15:42,351 - Acesso: api_saudacao - nome=Visitante
